#
# A fatal error has been detected by the Java Runtime Environment:
#
#  EXCEPTION_ACCESS_VIOLATION (0xc0000005) at pc=0x000001ac90083520, pid=16784, tid=16916
#
# JRE version: OpenJDK Runtime Environment Temurin-21.0.7+6 (21.0.7+6) (build 21.0.7+6-LTS)
# Java VM: OpenJDK 64-Bit Server VM Temurin-21.0.7+6 (21.0.7+6-LTS, mixed mode, sharing, tiered, compressed oops, compressed class ptrs, parallel gc, windows-amd64)
# Problematic frame:
# C  0x000001ac90083520
#
# No core dump will be written. Minidumps are not enabled by default on client versions of Windows
#
# If you would like to submit a bug report, please visit:
#   https://github.com/adoptium/adoptium-support/issues
#

---------------  S U M M A R Y ------------

Command Line: --add-modules=ALL-SYSTEM --add-opens=java.base/java.util=ALL-UNNAMED --add-opens=java.base/java.lang=ALL-UNNAMED --add-opens=java.base/sun.nio.fs=ALL-UNNAMED -Declipse.application=org.eclipse.jdt.ls.core.id1 -Dosgi.bundles.defaultStartLevel=4 -Declipse.product=org.eclipse.jdt.ls.core.product -Djava.import.generatesMetadataFilesAtProjectRoot=false -DDetectVMInstallationsJob.disabled=true -Dfile.encoding=utf8 -XX:+UseParallelGC -XX:GCTimeRatio=4 -XX:AdaptiveSizePolicyWeight=90 -Dsun.zip.disableMemoryMapping=true -Xmx2G -Xms100m -Xlog:disable -javaagent:c:\Users\tonya\.vscode\extensions\redhat.java-1.43.1-win32-x64\lombok\lombok-1.18.39-4050.jar -XX:+HeapDumpOnOutOfMemoryError -XX:HeapDumpPath=c:\Users\tonya\AppData\Roaming\Code\User\workspaceStorage\145557081d3e08829549f0ad89d97ea6\redhat.java -Daether.dependencyCollector.impl=bf c:\Users\tonya\.vscode\extensions\redhat.java-1.43.1-win32-x64\server\plugins\org.eclipse.equinox.launcher_1.7.0.v20250519-0528.jar -configuration c:\Users\tonya\AppData\Roaming\Code\User\globalStorage\redhat.java\1.43.1\config_win -data c:\Users\tonya\AppData\Roaming\Code\User\workspaceStorage\145557081d3e08829549f0ad89d97ea6\redhat.java\jdt_ws --pipe=\\.\pipe\lsp-0e1d0f63d7226fdff4f7bf398cebc2d9-sock

Host: Intel(R) Core(TM) 7 150U, 12 cores, 15G,  Windows 11 , 64 bit Build 26100 (10.0.26100.4484)
Time: Thu Jul 31 16:50:43 2025 Eastern Daylight Time elapsed time: 241608.735480 seconds (2d 19h 6m 48s)

---------------  T H R E A D  ---------------

Current thread (0x000001ac8d0105d0):  JavaThread "C2 CompilerThread0" daemon [_thread_in_native, id=16916, stack(0x00000049cda00000,0x00000049cdb00000) (1024K)]


Current CompileTask:
C2:241608735 32188 % !   4       org.eclipse.jdt.internal.compiler.parser.diagnose.DiagnoseParser::diagnoseParse0 @ 329 (1345 bytes)

Stack: [0x00000049cda00000,0x00000049cdb00000],  sp=0x00000049cdafce58,  free space=1011k
Native frames: (J=compiled Java code, j=interpreted, Vv=VM code, C=native code)
C  0x000001ac90083520


siginfo: EXCEPTION_ACCESS_VIOLATION (0xc0000005), data execution prevention violation at address 0x000001ac90083520


Registers:
RAX=0x000001ac90082c70, RBX=0x0000000000000003, RCX=0x0000000000000003, RDX=0x0000000000000000
RSP=0x00000049cdafce58, RBP=0x0000000000000018, RSI=0x000000000000000c, RDI=0x000001ac900835a8
R8 =0x000001ac90082c70, R9 =0x000001ac900835e0, R10=0x00007ffb1d6c0000, R11=0x0000000000000000
R12=0x000000000000003a, R13=0x000001ac90082c38, R14=0x0000000000000060, R15=0x000001ac9a378730
RIP=0x000001ac90083520, EFLAGS=0x0000000000010202

XMM[0]=0x0000000000000000 0x0000000000000000
XMM[1]=0x000003591a0aca38 0x000006b234157da0
XMM[2]=0x000001ac8d055a40 0x000001ac8d055960
XMM[3]=0x0000000000000000 0x000000003f7fffef
XMM[4]=0x000001ac8d569eb0 0x000001ac8d569d10
XMM[5]=0x000001ac90080ef0 0x000001ac90080568
XMM[6]=0x0000000000000000 0x000000003f3d0558
XMM[7]=0x0000000000000000 0x000000003e85f550
XMM[8]=0x0000000000000000 0x0000000000000000
XMM[9]=0x0000000000000000 0x0000000000000000
XMM[10]=0x0000000000000000 0x0000000000000000
XMM[11]=0x0000000000000000 0x0000000000000000
XMM[12]=0x0000000000000000 0x0000000000000000
XMM[13]=0x0000000000000000 0x0000000000000000
XMM[14]=0x0000000000000000 0x0000000000000000
XMM[15]=0x0000000000000000 0x0000000000000000
  MXCSR=0x00001fb2


Register to memory mapping:

RAX=0x000001ac90082c70 points into unknown readable memory: 0x0000000000000000 | 00 00 00 00 00 00 00 00
RBX=0x0000000000000003 is an unknown value
RCX=0x0000000000000003 is an unknown value
RDX=0x0 is null
RSP=0x00000049cdafce58 is pointing into the stack for thread: 0x000001ac8d0105d0
RBP=0x0000000000000018 is an unknown value
RSI=0x000000000000000c is an unknown value
RDI=0x000001ac900835a8 points into unknown readable memory: 0x00007ffb19d35538 | 38 55 d3 19 fb 7f 00 00
R8 =0x000001ac90082c70 points into unknown readable memory: 0x0000000000000000 | 00 00 00 00 00 00 00 00
R9 =0x000001ac900835e0 points into unknown readable memory: 0x0000000000000000 | 00 00 00 00 00 00 00 00
R10=0x00007ffb1d6c0000 VCRUNTIME140.dll
R11=0x0 is null
R12=0x000000000000003a is an unknown value
R13=0x000001ac90082c38 points into unknown readable memory: 0x00007ffb19d35538 | 38 55 d3 19 fb 7f 00 00
R14=0x0000000000000060 is an unknown value
R15=0x000001ac9a378730 points into unknown readable memory: 0x00007ffb19ca5e40 | 40 5e ca 19 fb 7f 00 00

Top of Stack: (sp=0x00000049cdafce58)
0x00000049cdafce58:   00000000000000c1 000001ac90083388
0x00000049cdafce68:   00007ffb1992cb23 0000000000000000
0x00000049cdafce78:   0000000000000001 000001ac90083388
0x00000049cdafce88:   00000049cdafd4d0 00000049cdafd4d0
0x00000049cdafce98:   00007ffb1965c035 0000000000000024
0x00000049cdafcea8:   00007ffb19c2d218 000001ac90083520
0x00000049cdafceb8:   00000049cdafd800 0000000000000000
0x00000049cdafcec8:   00007ffb1965cd43 000001ac90083520
0x00000049cdafced8:   000001ac90082c38 00000049cdafd4d0
0x00000049cdafcee8:   000001ac90083388 00000049cdafd4d0
0x00000049cdafcef8:   000001ac90082c38 0000000000000000
0x00000049cdafcf08:   00007ffb19658ccf 000001ac90083388
0x00000049cdafcf18:   00007ffb19c2d218 0000000000000001
0x00000049cdafcf28:   000001ac900831f8 0000000000000000
0x00000049cdafcf38:   000001ac8d53fa28 0000000000000000
0x00000049cdafcf48:   00000000ffffffff 0000000000000000
0x00000049cdafcf58:   0000000000000000 000001ac39e03a00
0x00000049cdafcf68:   00007ffb1965e5ef 000001aca3d97d60
0x00000049cdafcf78:   00000000ffffff01 00000000ffffffbe
0x00000049cdafcf88:   00000049cdafd4d0 00007ffb19cbc710
0x00000049cdafcf98:   0000000000000000 000001aca3d97d60
0x00000049cdafcfa8:   0000000000000000 0000000000000000
0x00000049cdafcfb8:   0000000000000000 0000000000000000
0x00000049cdafcfc8:   0000000000000000 0000000000000000
0x00000049cdafcfd8:   0000000000000000 000000003f3d0558
0x00000049cdafcfe8:   0000000000000000 0000000000000008
0x00000049cdafcff8:   000001ac8d055a08 00000049cdafe2b0
0x00000049cdafd008:   000001ac8d0126e0 00000049cdafd4d0
0x00000049cdafd018:   00000000000017c3 000001ac90082c38
0x00000049cdafd028:   00007ffb1996870d 000001ac90083238
0x00000049cdafd038:   000001ac9005f650 000001ac900831f0
0x00000049cdafd048:   000000000000003a 000044fd02f1384d 

Instructions: (pc=0x000001ac90083520)
0x000001ac90083420:   d0 2b 08 90 ac 01 00 00 98 84 37 9a ac 01 00 00
0x000001ac90083430:   38 2c 08 90 ac 01 00 00 a8 9b 88 9a ac 01 00 00
0x000001ac90083440:   e8 98 88 9a ac 01 00 00 60 7d d9 a3 ac 01 00 00
0x000001ac90083450:   50 94 d9 a3 ac 01 00 00 e8 98 88 9a ac 01 00 00
0x000001ac90083460:   08 4b d9 a3 ac 01 00 00 68 b9 a5 a2 ac 01 00 00
0x000001ac90083470:   b8 00 08 90 ac 01 00 00 68 b9 a5 a2 ac 01 00 00
0x000001ac90083480:   d8 93 37 9a ac 01 00 00 70 94 37 9a ac 01 00 00
0x000001ac90083490:   08 96 37 9a ac 01 00 00 60 46 d9 a3 ac 01 00 00
0x000001ac900834a0:   e8 98 88 9a ac 01 00 00 e8 98 88 9a ac 01 00 00
0x000001ac900834b0:   e8 98 88 9a ac 01 00 00 60 46 d9 a3 ac 01 00 00
0x000001ac900834c0:   b8 00 08 90 ac 01 00 00 00 00 00 00 00 00 00 00
0x000001ac900834d0:   00 00 00 00 00 00 00 00 00 00 00 00 00 00 00 00
0x000001ac900834e0:   00 00 00 00 00 00 00 00 00 00 00 00 00 00 00 00
0x000001ac900834f0:   00 00 00 00 00 00 00 00 00 00 00 00 00 00 00 00
0x000001ac90083500:   00 00 00 00 00 00 00 00 00 00 00 00 00 00 00 00
0x000001ac90083510:   00 00 00 00 00 00 00 00 00 00 00 00 00 00 00 00
0x000001ac90083520:   18 d2 c2 19 fb 7f 00 00 60 35 08 90 ac 01 00 00
0x000001ac90083530:   88 35 08 90 ac 01 00 00 01 00 00 00 01 00 00 00
0x000001ac90083540:   01 00 00 00 04 00 00 00 c6 17 00 00 08 00 00 00
0x000001ac90083550:   40 00 00 00 00 00 00 00 00 00 00 00 00 00 00 00
0x000001ac90083560:   88 33 08 90 ac 01 00 00 20 35 08 90 ac 01 00 00
0x000001ac90083570:   00 00 00 00 00 00 00 00 00 00 00 00 00 00 00 00
0x000001ac90083580:   00 00 00 00 00 00 00 00 f0 31 08 90 ac 01 00 00
0x000001ac90083590:   00 00 00 00 00 00 00 00 00 00 00 00 00 00 00 00
0x000001ac900835a0:   00 00 00 00 00 00 00 00 38 55 d3 19 fb 7f 00 00
0x000001ac900835b0:   e0 35 08 90 ac 01 00 00 ff ff ff ff ff ff ff ff
0x000001ac900835c0:   04 00 00 00 04 00 00 00 00 00 00 00 00 00 00 00
0x000001ac900835d0:   c7 17 00 00 80 00 00 00 00 00 00 00 00 00 00 00
0x000001ac900835e0:   00 00 00 00 00 00 00 00 e8 98 88 9a ac 01 00 00
0x000001ac900835f0:   e8 98 88 9a ac 01 00 00 e8 98 88 9a ac 01 00 00
0x000001ac90083600:   00 00 00 00 00 00 00 00 00 00 00 00 00 00 00 00
0x000001ac90083610:   00 00 00 00 00 00 00 00 00 00 00 00 00 00 00 00 


Stack slot to memory mapping:

stack at sp + 0 slots: 0x00000000000000c1 is an unknown value
stack at sp + 1 slots: 0x000001ac90083388 points into unknown readable memory: 0x00007ffb19cbb0e8 | e8 b0 cb 19 fb 7f 00 00
stack at sp + 2 slots: 0x00007ffb1992cb23 jvm.dll
stack at sp + 3 slots: 0x0 is null
stack at sp + 4 slots: 0x0000000000000001 is an unknown value
stack at sp + 5 slots: 0x000001ac90083388 points into unknown readable memory: 0x00007ffb19cbb0e8 | e8 b0 cb 19 fb 7f 00 00
stack at sp + 6 slots: 0x00000049cdafd4d0 is pointing into the stack for thread: 0x000001ac8d0105d0
stack at sp + 7 slots: 0x00000049cdafd4d0 is pointing into the stack for thread: 0x000001ac8d0105d0


---------------  P R O C E S S  ---------------

Threads class SMR info:
_java_thread_list=0x000001aca2c6ed60, length=57, elements={
0x000001ac2f68b490, 0x000001ac2f63e850, 0x000001ac8d0018e0, 0x000001ac8d009390,
0x000001ac8d008670, 0x000001ac8d009a20, 0x000001ac8d006c30, 0x000001ac8d0105d0,
0x000001ac8d04a200, 0x000001ac8d007fe0, 0x000001ac8d008d00, 0x000001ac8d0065a0,
0x000001ac8d0072c0, 0x000001ac8db81df0, 0x000001ac8db803b0, 0x000001ac8db82480,
0x000001ac8db7fd20, 0x000001ac8db7f690, 0x000001ac8db83ec0, 0x000001ac8db84550,
0x000001ac8db85f90, 0x000001ac8db86cb0, 0x000001ac9061a5c0, 0x000001ac9061ac50,
0x000001ac906198a0, 0x000001ac9061b2e0, 0x000001ac9061b970, 0x000001ac9061c000,
0x000001ac90618b80, 0x000001ac90619f30, 0x000001ac9061c690, 0x000001ac90619210,
0x000001ac9061edf0, 0x000001ac9061da40, 0x000001ac9061cd20, 0x000001ac906201a0,
0x000001aca3236110, 0x000001ac8f50c250, 0x000001ac8f509af0, 0x000001ac8f50a180,
0x000001ac8f507a20, 0x000001ac8f508dd0, 0x000001ac8f50a810, 0x000001ac8f509460,
0x000001ac8f507390, 0x000001ac8f50d600, 0x000001ac8f50e320, 0x000001ac8f50aea0,
0x000001ac8f958970, 0x000001ac8f95f270, 0x000001aca323bcf0, 0x000001aca3239c20,
0x000001aca323c380, 0x000001aca323a940, 0x000001aca323ca10, 0x000001aca323d0a0,
0x000001ac8f959d20
}

Java Threads: ( => current thread )
  0x000001ac2f68b490 JavaThread "main"                              [_thread_blocked, id=9728, stack(0x00000049cd000000,0x00000049cd100000) (1024K)]
  0x000001ac2f63e850 JavaThread "Reference Handler"          daemon [_thread_blocked, id=18972, stack(0x00000049cd400000,0x00000049cd500000) (1024K)]
  0x000001ac8d0018e0 JavaThread "Finalizer"                  daemon [_thread_blocked, id=16952, stack(0x00000049cd500000,0x00000049cd600000) (1024K)]
  0x000001ac8d009390 JavaThread "Signal Dispatcher"          daemon [_thread_blocked, id=20944, stack(0x00000049cd600000,0x00000049cd700000) (1024K)]
  0x000001ac8d008670 JavaThread "Attach Listener"            daemon [_thread_blocked, id=21984, stack(0x00000049cd700000,0x00000049cd800000) (1024K)]
  0x000001ac8d009a20 JavaThread "Service Thread"             daemon [_thread_blocked, id=23536, stack(0x00000049cd800000,0x00000049cd900000) (1024K)]
  0x000001ac8d006c30 JavaThread "Monitor Deflation Thread"   daemon [_thread_blocked, id=19404, stack(0x00000049cd900000,0x00000049cda00000) (1024K)]
=>0x000001ac8d0105d0 JavaThread "C2 CompilerThread0"         daemon [_thread_in_native, id=16916, stack(0x00000049cda00000,0x00000049cdb00000) (1024K)]
  0x000001ac8d04a200 JavaThread "C1 CompilerThread0"         daemon [_thread_blocked, id=23280, stack(0x00000049cdb00000,0x00000049cdc00000) (1024K)]
  0x000001ac8d007fe0 JavaThread "Common-Cleaner"             daemon [_thread_blocked, id=19640, stack(0x00000049cdc00000,0x00000049cdd00000) (1024K)]
  0x000001ac8d008d00 JavaThread "Notification Thread"        daemon [_thread_blocked, id=21048, stack(0x00000049cde00000,0x00000049cdf00000) (1024K)]
  0x000001ac8d0065a0 JavaThread "Active Thread: Equinox Container: d2817576-d276-4bbb-83c6-692c76774ff4"        [_thread_blocked, id=20872, stack(0x00000049ce600000,0x00000049ce700000) (1024K)]
  0x000001ac8d0072c0 JavaThread "Refresh Thread: Equinox Container: d2817576-d276-4bbb-83c6-692c76774ff4" daemon [_thread_blocked, id=16728, stack(0x00000049ce700000,0x00000049ce800000) (1024K)]
  0x000001ac8db81df0 JavaThread "Framework Event Dispatcher: Equinox Container: d2817576-d276-4bbb-83c6-692c76774ff4" daemon [_thread_blocked, id=11316, stack(0x00000049ce900000,0x00000049cea00000) (1024K)]
  0x000001ac8db803b0 JavaThread "Start Level: Equinox Container: d2817576-d276-4bbb-83c6-692c76774ff4" daemon [_thread_blocked, id=23288, stack(0x00000049cea00000,0x00000049ceb00000) (1024K)]
  0x000001ac8db82480 JavaThread "Bundle File Closer"         daemon [_thread_blocked, id=19552, stack(0x00000049ced00000,0x00000049cee00000) (1024K)]
  0x000001ac8db7fd20 JavaThread "SCR Component Actor"        daemon [_thread_blocked, id=18508, stack(0x00000049cee00000,0x00000049cef00000) (1024K)]
  0x000001ac8db7f690 JavaThread "Worker-JM"                         [_thread_blocked, id=22552, stack(0x00000049cef00000,0x00000049cf000000) (1024K)]
  0x000001ac8db83ec0 JavaThread "JNA Cleaner"                daemon [_thread_blocked, id=5480, stack(0x00000049cf000000,0x00000049cf100000) (1024K)]
  0x000001ac8db84550 JavaThread "Java indexing"              daemon [_thread_blocked, id=6176, stack(0x00000049cf400000,0x00000049cf500000) (1024K)]
  0x000001ac8db85f90 JavaThread "Thread-2"                   daemon [_thread_in_native, id=17596, stack(0x00000049cfd00000,0x00000049cfe00000) (1024K)]
  0x000001ac8db86cb0 JavaThread "Thread-3"                   daemon [_thread_in_native, id=22356, stack(0x00000049cfe00000,0x00000049cff00000) (1024K)]
  0x000001ac9061a5c0 JavaThread "Thread-4"                   daemon [_thread_in_native, id=22296, stack(0x00000049cff00000,0x00000049d0000000) (1024K)]
  0x000001ac9061ac50 JavaThread "Thread-5"                   daemon [_thread_in_native, id=21572, stack(0x00000049d0000000,0x00000049d0100000) (1024K)]
  0x000001ac906198a0 JavaThread "Thread-6"                   daemon [_thread_in_native, id=14992, stack(0x00000049d0100000,0x00000049d0200000) (1024K)]
  0x000001ac9061b2e0 JavaThread "Thread-7"                   daemon [_thread_in_native, id=21860, stack(0x00000049d0200000,0x00000049d0300000) (1024K)]
  0x000001ac9061b970 JavaThread "Thread-8"                   daemon [_thread_in_native, id=17160, stack(0x00000049d0300000,0x00000049d0400000) (1024K)]
  0x000001ac9061c000 JavaThread "Thread-9"                   daemon [_thread_in_native, id=6492, stack(0x00000049d0400000,0x00000049d0500000) (1024K)]
  0x000001ac90618b80 JavaThread "Thread-10"                  daemon [_thread_in_native, id=15892, stack(0x00000049d0500000,0x00000049d0600000) (1024K)]
  0x000001ac90619f30 JavaThread "Thread-11"                  daemon [_thread_in_native, id=16120, stack(0x00000049d0600000,0x00000049d0700000) (1024K)]
  0x000001ac9061c690 JavaThread "Thread-12"                  daemon [_thread_in_native, id=18388, stack(0x00000049d0700000,0x00000049d0800000) (1024K)]
  0x000001ac90619210 JavaThread "Thread-13"                  daemon [_thread_in_native, id=22924, stack(0x00000049d0800000,0x00000049d0900000) (1024K)]
  0x000001ac9061edf0 JavaThread "Thread-14"                  daemon [_thread_in_native, id=15140, stack(0x00000049d0900000,0x00000049d0a00000) (1024K)]
  0x000001ac9061da40 JavaThread "pool-2-thread-1"                   [_thread_blocked, id=17016, stack(0x00000049d0a00000,0x00000049d0b00000) (1024K)]
  0x000001ac9061cd20 JavaThread "WorkspaceEventsHandler"            [_thread_blocked, id=19916, stack(0x00000049d0b00000,0x00000049d0c00000) (1024K)]
  0x000001ac906201a0 JavaThread "pool-1-thread-1"                   [_thread_blocked, id=1904, stack(0x00000049d0c00000,0x00000049d0d00000) (1024K)]
  0x000001aca3236110 JavaThread "Cleaner-0"                  daemon [_thread_blocked, id=22284, stack(0x00000049d3a00000,0x00000049d3b00000) (1024K)]
  0x000001ac8f50c250 JavaThread "Worker-13"                         [_thread_blocked, id=24376, stack(0x00000049d1200000,0x00000049d1300000) (1024K)]
  0x000001ac8f509af0 JavaThread "ForkJoinPool.commonPool-worker-53" daemon [_thread_blocked, id=2784, stack(0x00000049ccd00000,0x00000049cce00000) (1024K)]
  0x000001ac8f50a180 JavaThread "ForkJoinPool.commonPool-worker-54" daemon [_thread_blocked, id=944, stack(0x00000049cdd00000,0x00000049cde00000) (1024K)]
  0x000001ac8f507a20 JavaThread "ForkJoinPool.commonPool-worker-55" daemon [_thread_blocked, id=12816, stack(0x00000049cdf00000,0x00000049ce000000) (1024K)]
  0x000001ac8f508dd0 JavaThread "Worker-16"                         [_thread_blocked, id=31816, stack(0x00000049cf100000,0x00000049cf200000) (1024K)]
  0x000001ac8f50a810 JavaThread "ForkJoinPool.commonPool-worker-56" daemon [_thread_blocked, id=29428, stack(0x00000049cf200000,0x00000049cf300000) (1024K)]
  0x000001ac8f509460 JavaThread "ForkJoinPool.commonPool-worker-57" daemon [_thread_blocked, id=11176, stack(0x00000049cf300000,0x00000049cf400000) (1024K)]
  0x000001ac8f507390 JavaThread "ForkJoinPool.commonPool-worker-58" daemon [_thread_blocked, id=34640, stack(0x00000049cf500000,0x00000049cf600000) (1024K)]
  0x000001ac8f50d600 JavaThread "ForkJoinPool.commonPool-worker-59" daemon [_thread_blocked, id=23624, stack(0x00000049cf600000,0x00000049cf700000) (1024K)]
  0x000001ac8f50e320 JavaThread "ForkJoinPool.commonPool-worker-60" daemon [_thread_blocked, id=34244, stack(0x00000049cf700000,0x00000049cf800000) (1024K)]
  0x000001ac8f50aea0 JavaThread "ForkJoinPool.commonPool-worker-61" daemon [_thread_blocked, id=11148, stack(0x00000049cf800000,0x00000049cf900000) (1024K)]
  0x000001ac8f958970 JavaThread "ForkJoinPool.commonPool-worker-62" daemon [_thread_blocked, id=13668, stack(0x00000049cf900000,0x00000049cfa00000) (1024K)]
  0x000001ac8f95f270 JavaThread "ForkJoinPool.commonPool-worker-63" daemon [_thread_blocked, id=15388, stack(0x00000049d0e00000,0x00000049d0f00000) (1024K)]
  0x000001aca323bcf0 JavaThread "Worker-19"                         [_thread_blocked, id=24312, stack(0x00000049cce00000,0x00000049ccf00000) (1024K)]
  0x000001aca3239c20 JavaThread "Compiler Source File Reader" daemon [_thread_blocked, id=24884, stack(0x00000049cfa00000,0x00000049cfb00000) (1024K)]
  0x000001aca323c380 JavaThread "Compiler Source File Reader" daemon [_thread_blocked, id=29344, stack(0x00000049ccf00000,0x00000049cd000000) (1024K)]
  0x000001aca323a940 JavaThread "Compiler Source File Reader" daemon [_thread_blocked, id=32100, stack(0x00000049d0d00000,0x00000049d0e00000) (1024K)]
  0x000001aca323ca10 JavaThread "Worker-20"                         [_thread_blocked, id=21480, stack(0x00000049d0f00000,0x00000049d1000000) (1024K)]
  0x000001aca323d0a0 JavaThread "pool-1-thread-10"                  [_thread_blocked, id=36368, stack(0x00000049d1000000,0x00000049d1100000) (1024K)]
  0x000001ac8f959d20 JavaThread "Compiler Source File Reader" daemon [_thread_blocked, id=27100, stack(0x00000049cfb00000,0x00000049cfc00000) (1024K)]
Total: 57

Other Threads:
  0x000001ac2d31ece0 VMThread "VM Thread"                           [id=19616, stack(0x00000049cd300000,0x00000049cd400000) (1024K)]
  0x000001ac2f51ca00 WatcherThread "VM Periodic Task Thread"        [id=20500, stack(0x00000049cd200000,0x00000049cd300000) (1024K)]
  0x000001ac2d31d720 WorkerThread "GC Thread#0"                     [id=23544, stack(0x00000049cd100000,0x00000049cd200000) (1024K)]
  0x000001ac2d31e5a0 WorkerThread "GC Thread#1"                     [id=20804, stack(0x00000049ce000000,0x00000049ce100000) (1024K)]
  0x000001ac8d43c750 WorkerThread "GC Thread#2"                     [id=21652, stack(0x00000049ce100000,0x00000049ce200000) (1024K)]
  0x000001ac8d43eb90 WorkerThread "GC Thread#3"                     [id=22992, stack(0x00000049ce200000,0x00000049ce300000) (1024K)]
  0x000001ac8d43dd10 WorkerThread "GC Thread#4"                     [id=14796, stack(0x00000049ce300000,0x00000049ce400000) (1024K)]
  0x000001ac8d43b530 WorkerThread "GC Thread#5"                     [id=14704, stack(0x00000049ce400000,0x00000049ce500000) (1024K)]
  0x000001ac8d43ef30 WorkerThread "GC Thread#6"                     [id=22668, stack(0x00000049ce500000,0x00000049ce600000) (1024K)]
  0x000001ac8d43c010 WorkerThread "GC Thread#7"                     [id=14892, stack(0x00000049ce800000,0x00000049ce900000) (1024K)]
  0x000001ac8d43ce90 WorkerThread "GC Thread#8"                     [id=21580, stack(0x00000049ceb00000,0x00000049cec00000) (1024K)]
  0x000001ac8d43caf0 WorkerThread "GC Thread#9"                     [id=11380, stack(0x00000049cec00000,0x00000049ced00000) (1024K)]
Total: 12

Threads with active compile tasks:
C2 CompilerThread0  241608773 32188 % !   4       org.eclipse.jdt.internal.compiler.parser.diagnose.DiagnoseParser::diagnoseParse0 @ 329 (1345 bytes)
Total: 1

VM state: not at safepoint (normal execution)

VM Mutex/Monitor currently owned by a thread: None

Heap address: 0x0000000080000000, size: 2048 MB, Compressed Oops mode: 32-bit

CDS archive(s) mapped at: [0x000001ac46000000-0x000001ac46ba0000-0x000001ac46ba0000), size 12189696, SharedBaseAddress: 0x000001ac46000000, ArchiveRelocationMode: 1.
Compressed class space mapped at: 0x000001ac47000000-0x000001ac87000000, reserved size: 1073741824
Narrow klass base: 0x000001ac46000000, Narrow klass shift: 0, Narrow klass range: 0x100000000

GC Precious Log:
 CardTable entry size: 512
 CPUs: 12 total, 12 available
 Memory: 16063M
 Large Page Support: Disabled
 NUMA Support: Disabled
 Compressed Oops: Enabled (32-bit)
 Alignments: Space 512K, Generation 512K, Heap 2M
 Heap Min Capacity: 100M
 Heap Initial Capacity: 100M
 Heap Max Capacity: 2G
 Pre-touch: Disabled
 Parallel Workers: 10

Heap:
 PSYoungGen      total 11264K, used 2038K [0x00000000d5580000, 0x00000000d6280000, 0x0000000100000000)
  eden space 9728K, 11% used [0x00000000d5580000,0x00000000d569db48,0x00000000d5f00000)
  from space 1536K, 58% used [0x00000000d6000000,0x00000000d60e0020,0x00000000d6180000)
  to   space 1024K, 0% used [0x00000000d6180000,0x00000000d6180000,0x00000000d6280000)
 ParOldGen       total 1049088K, used 1049005K [0x0000000080000000, 0x00000000c0080000, 0x00000000d5580000)
  object space 1049088K, 99% used [0x0000000080000000,0x00000000c006b578,0x00000000c0080000)
 Metaspace       used 90067K, committed 91584K, reserved 1179648K
  class space    used 8588K, committed 9280K, reserved 1048576K

Card table byte_map: [0x000001ac2f030000,0x000001ac2f440000] _byte_map_base: 0x000001ac2ec30000

Marking Bits: (ParMarkBitMap*) 0x00007ffb19f731f0
 Begin Bits: [0x000001ac41b30000, 0x000001ac43b30000)
 End Bits:   [0x000001ac43b30000, 0x000001ac45b30000)

Polling page: 0x000001ac2d530000

Metaspace:

Usage:
  Non-class:     79.57 MB used.
      Class:      8.39 MB used.
       Both:     87.96 MB used.

Virtual space:
  Non-class space:      128.00 MB reserved,      80.38 MB ( 63%) committed,  2 nodes.
      Class space:        1.00 GB reserved,       9.06 MB ( <1%) committed,  1 nodes.
             Both:        1.12 GB reserved,      89.44 MB (  8%) committed. 

Chunk freelists:
   Non-Class:  15.55 MB
       Class:  6.96 MB
        Both:  22.50 MB

MaxMetaspaceSize: unlimited
CompressedClassSpaceSize: 1.00 GB
Initial GC threshold: 21.00 MB
Current GC threshold: 148.38 MB
CDS: on
 - commit_granule_bytes: 65536.
 - commit_granule_words: 8192.
 - virtual_space_node_default_size: 8388608.
 - enlarge_chunks_in_place: 1.
 - use_allocation_guard: 0.


Internal statistics:

num_allocs_failed_limit: 9.
num_arena_births: 1858.
num_arena_deaths: 446.
num_vsnodes_births: 3.
num_vsnodes_deaths: 0.
num_space_committed: 1431.
num_space_uncommitted: 0.
num_chunks_returned_to_freelist: 505.
num_chunks_taken_from_freelist: 6787.
num_chunk_merges: 126.
num_chunk_splits: 3732.
num_chunks_enlarged: 1786.
num_inconsistent_stats: 0.

CodeHeap 'non-profiled nmethods': size=120000Kb used=26627Kb max_used=28931Kb free=93372Kb
 bounds [0x000001ac3a350000, 0x000001ac3bfa0000, 0x000001ac41880000]
CodeHeap 'profiled nmethods': size=120000Kb used=29880Kb max_used=52327Kb free=90119Kb
 bounds [0x000001ac32880000, 0x000001ac35bc0000, 0x000001ac39db0000]
CodeHeap 'non-nmethods': size=5760Kb used=1527Kb max_used=1598Kb free=4232Kb
 bounds [0x000001ac39db0000, 0x000001ac3a020000, 0x000001ac3a350000]
 total_blobs=15677 nmethods=14836 adapters=740
 compilation: enabled
              stopped_count=0, restarted_count=0
 full_count=0

Compilation events (20 events):
Event: 241608.313 Thread 0x000001ac8d04a200 32180       3       org.eclipse.jdt.internal.core.CompilationUnitElementInfo::<init> (15 bytes)
Event: 241608.314 Thread 0x000001ac8d04a200 nmethod 32180 0x000001ac33053610 code [0x000001ac330537c0, 0x000001ac33053a20]
Event: 241608.314 Thread 0x000001ac8d04a200 32181       3       org.eclipse.jdt.internal.codeassist.InternalCompletionProposal::findMethod (173 bytes)
Event: 241608.315 Thread 0x000001ac8d04a200 nmethod 32181 0x000001ac32c87490 code [0x000001ac32c877e0, 0x000001ac32c88c98]
Event: 241608.324 Thread 0x000001ac8d04a200 32182       3       org.eclipse.jdt.ls.core.internal.TextEditConverter::<init> (53 bytes)
Event: 241608.325 Thread 0x000001ac8d04a200 nmethod 32182 0x000001ac330b0f90 code [0x000001ac330b11a0, 0x000001ac330b1850]
Event: 241608.325 Thread 0x000001ac8d04a200 32183       3       org.eclipse.jdt.ls.core.internal.preferences.ClientPreferences::isChangeAnnotationSupport (50 bytes)
Event: 241608.325 Thread 0x000001ac8d04a200 nmethod 32183 0x000001ac32e74e90 code [0x000001ac32e75060, 0x000001ac32e75360]
Event: 241608.325 Thread 0x000001ac8d04a200 32184       3       org.eclipse.lsp4j.TextEdit::setNewText (14 bytes)
Event: 241608.325 Thread 0x000001ac8d04a200 nmethod 32184 0x000001ac3331ae90 code [0x000001ac3331b060, 0x000001ac3331b3a0]
Event: 241608.440 Thread 0x000001ac8d04a200 32186       3       org.eclipse.jdt.internal.compiler.parser.diagnose.DiagnoseParser::misspell (554 bytes)
Event: 241608.441 Thread 0x000001ac8d04a200 nmethod 32186 0x000001ac3552a490 code [0x000001ac3552a760, 0x000001ac3552ba88]
Event: 241608.547 Thread 0x000001ac8d04a200 32187       2       org.eclipse.jdt.internal.compiler.lookup.ReferenceBinding::shortReadableName (6 bytes)
Event: 241608.547 Thread 0x000001ac8d04a200 nmethod 32187 0x000001ac32c42090 code [0x000001ac32c42240, 0x000001ac32c42378]
Event: 241608.554 Thread 0x000001ac8d0105d0 nmethod 32178 0x000001ac3b518910 code [0x000001ac3b519120, 0x000001ac3b523a50]
Event: 241608.555 Thread 0x000001ac8d0105d0 32179       4       org.eclipse.jdt.internal.compiler.ast.MessageSend::resolveType (2131 bytes)
Event: 241608.585 Thread 0x000001ac8d0105d0 nmethod 32179 0x000001ac3b5a2b10 code [0x000001ac3b5a31e0, 0x000001ac3b5a6108]
Event: 241608.586 Thread 0x000001ac8d0105d0 32185       4       org.eclipse.jdt.core.dom.ASTParser::newParser (9 bytes)
Event: 241608.586 Thread 0x000001ac8d0105d0 nmethod 32185 0x000001ac3b38b910 code [0x000001ac3b38baa0, 0x000001ac3b38bbb8]
Event: 241608.717 Thread 0x000001ac8d0105d0 32188 % !   4       org.eclipse.jdt.internal.compiler.parser.diagnose.DiagnoseParser::diagnoseParse0 @ 329 (1345 bytes)

GC Heap History (20 events):
Event: 241608.233 GC heap before
{Heap before GC invocations=10075 (full 9):
 PSYoungGen      total 10240K, used 8733K [0x00000000d5580000, 0x00000000d6080000, 0x0000000100000000)
  eden space 9728K, 87% used [0x00000000d5580000,0x00000000d5dc7660,0x00000000d5f00000)
  from space 512K, 50% used [0x00000000d5f80000,0x00000000d5fc0000,0x00000000d6000000)
  to   space 512K, 0% used [0x00000000d6000000,0x00000000d6000000,0x00000000d6080000)
 ParOldGen       total 1039872K, used 1039587K [0x0000000080000000, 0x00000000bf780000, 0x00000000d5580000)
  object space 1039872K, 99% used [0x0000000080000000,0x00000000bf738f30,0x00000000bf780000)
 Metaspace       used 90064K, committed 91584K, reserved 1179648K
  class space    used 8588K, committed 9280K, reserved 1048576K
}
Event: 241608.235 GC heap after
{Heap after GC invocations=10075 (full 9):
 PSYoungGen      total 10240K, used 256K [0x00000000d5580000, 0x00000000d6080000, 0x0000000100000000)
  eden space 9728K, 0% used [0x00000000d5580000,0x00000000d5580000,0x00000000d5f00000)
  from space 512K, 50% used [0x00000000d6000000,0x00000000d6040000,0x00000000d6080000)
  to   space 512K, 0% used [0x00000000d5f80000,0x00000000d5f80000,0x00000000d6000000)
 ParOldGen       total 1039872K, used 1039702K [0x0000000080000000, 0x00000000bf780000, 0x00000000d5580000)
  object space 1039872K, 99% used [0x0000000080000000,0x00000000bf755830,0x00000000bf780000)
 Metaspace       used 90064K, committed 91584K, reserved 1179648K
  class space    used 8588K, committed 9280K, reserved 1048576K
}
Event: 241608.245 GC heap before
{Heap before GC invocations=10076 (full 9):
 PSYoungGen      total 10240K, used 9966K [0x00000000d5580000, 0x00000000d6080000, 0x0000000100000000)
  eden space 9728K, 99% used [0x00000000d5580000,0x00000000d5efb9f8,0x00000000d5f00000)
  from space 512K, 50% used [0x00000000d6000000,0x00000000d6040000,0x00000000d6080000)
  to   space 512K, 0% used [0x00000000d5f80000,0x00000000d5f80000,0x00000000d6000000)
 ParOldGen       total 1039872K, used 1039702K [0x0000000080000000, 0x00000000bf780000, 0x00000000d5580000)
  object space 1039872K, 99% used [0x0000000080000000,0x00000000bf755830,0x00000000bf780000)
 Metaspace       used 90064K, committed 91584K, reserved 1179648K
  class space    used 8588K, committed 9280K, reserved 1048576K
}
Event: 241608.246 GC heap after
{Heap after GC invocations=10076 (full 9):
 PSYoungGen      total 10240K, used 489K [0x00000000d5580000, 0x00000000d6800000, 0x0000000100000000)
  eden space 9728K, 0% used [0x00000000d5580000,0x00000000d5580000,0x00000000d5f00000)
  from space 512K, 95% used [0x00000000d5f80000,0x00000000d5ffa788,0x00000000d6000000)
  to   space 4608K, 0% used [0x00000000d6380000,0x00000000d6380000,0x00000000d6800000)
 ParOldGen       total 1042944K, used 1042874K [0x0000000080000000, 0x00000000bfa80000, 0x00000000d5580000)
  object space 1042944K, 99% used [0x0000000080000000,0x00000000bfa6eb30,0x00000000bfa80000)
 Metaspace       used 90064K, committed 91584K, reserved 1179648K
  class space    used 8588K, committed 9280K, reserved 1048576K
}
Event: 241608.255 GC heap before
{Heap before GC invocations=10077 (full 9):
 PSYoungGen      total 10240K, used 9065K [0x00000000d5580000, 0x00000000d6800000, 0x0000000100000000)
  eden space 9728K, 88% used [0x00000000d5580000,0x00000000d5ddfff8,0x00000000d5f00000)
  from space 512K, 95% used [0x00000000d5f80000,0x00000000d5ffa788,0x00000000d6000000)
  to   space 4608K, 0% used [0x00000000d6380000,0x00000000d6380000,0x00000000d6800000)
 ParOldGen       total 1042944K, used 1042874K [0x0000000080000000, 0x00000000bfa80000, 0x00000000d5580000)
  object space 1042944K, 99% used [0x0000000080000000,0x00000000bfa6eb30,0x00000000bfa80000)
 Metaspace       used 90064K, committed 91584K, reserved 1179648K
  class space    used 8588K, committed 9280K, reserved 1048576K
}
Event: 241608.257 GC heap after
{Heap after GC invocations=10077 (full 9):
 PSYoungGen      total 10752K, used 608K [0x00000000d5580000, 0x00000000d6480000, 0x0000000100000000)
  eden space 9728K, 0% used [0x00000000d5580000,0x00000000d5580000,0x00000000d5f00000)
  from space 1024K, 59% used [0x00000000d6380000,0x00000000d6418000,0x00000000d6480000)
  to   space 2048K, 0% used [0x00000000d6080000,0x00000000d6080000,0x00000000d6280000)
 ParOldGen       total 1043456K, used 1043178K [0x0000000080000000, 0x00000000bfb00000, 0x00000000d5580000)
  object space 1043456K, 99% used [0x0000000080000000,0x00000000bfabab30,0x00000000bfb00000)
 Metaspace       used 90064K, committed 91584K, reserved 1179648K
  class space    used 8588K, committed 9280K, reserved 1048576K
}
Event: 241608.268 GC heap before
{Heap before GC invocations=10078 (full 9):
 PSYoungGen      total 10752K, used 10336K [0x00000000d5580000, 0x00000000d6480000, 0x0000000100000000)
  eden space 9728K, 100% used [0x00000000d5580000,0x00000000d5f00000,0x00000000d5f00000)
  from space 1024K, 59% used [0x00000000d6380000,0x00000000d6418000,0x00000000d6480000)
  to   space 2048K, 0% used [0x00000000d6080000,0x00000000d6080000,0x00000000d6280000)
 ParOldGen       total 1043456K, used 1043178K [0x0000000080000000, 0x00000000bfb00000, 0x00000000d5580000)
  object space 1043456K, 99% used [0x0000000080000000,0x00000000bfabab30,0x00000000bfb00000)
 Metaspace       used 90064K, committed 91584K, reserved 1179648K
  class space    used 8588K, committed 9280K, reserved 1048576K
}
Event: 241608.269 GC heap after
{Heap after GC invocations=10078 (full 9):
 PSYoungGen      total 11776K, used 256K [0x00000000d5580000, 0x00000000d6400000, 0x0000000100000000)
  eden space 9728K, 0% used [0x00000000d5580000,0x00000000d5580000,0x00000000d5f00000)
  from space 2048K, 12% used [0x00000000d6080000,0x00000000d60c0000,0x00000000d6280000)
  to   space 1024K, 0% used [0x00000000d6300000,0x00000000d6300000,0x00000000d6400000)
 ParOldGen       total 1043968K, used 1043666K [0x0000000080000000, 0x00000000bfb80000, 0x00000000d5580000)
  object space 1043968K, 99% used [0x0000000080000000,0x00000000bfb34b30,0x00000000bfb80000)
 Metaspace       used 90064K, committed 91584K, reserved 1179648K
  class space    used 8588K, committed 9280K, reserved 1048576K
}
Event: 241608.279 GC heap before
{Heap before GC invocations=10079 (full 9):
 PSYoungGen      total 11776K, used 9217K [0x00000000d5580000, 0x00000000d6400000, 0x0000000100000000)
  eden space 9728K, 92% used [0x00000000d5580000,0x00000000d5e40400,0x00000000d5f00000)
  from space 2048K, 12% used [0x00000000d6080000,0x00000000d60c0000,0x00000000d6280000)
  to   space 1024K, 0% used [0x00000000d6300000,0x00000000d6300000,0x00000000d6400000)
 ParOldGen       total 1043968K, used 1043666K [0x0000000080000000, 0x00000000bfb80000, 0x00000000d5580000)
  object space 1043968K, 99% used [0x0000000080000000,0x00000000bfb34b30,0x00000000bfb80000)
 Metaspace       used 90064K, committed 91584K, reserved 1179648K
  class space    used 8588K, committed 9280K, reserved 1048576K
}
Event: 241608.280 GC heap after
{Heap after GC invocations=10079 (full 9):
 PSYoungGen      total 10240K, used 320K [0x00000000d5580000, 0x00000000d6380000, 0x0000000100000000)
  eden space 9728K, 0% used [0x00000000d5580000,0x00000000d5580000,0x00000000d5f00000)
  from space 512K, 62% used [0x00000000d6300000,0x00000000d6350000,0x00000000d6380000)
  to   space 512K, 0% used [0x00000000d6280000,0x00000000d6280000,0x00000000d6300000)
 ParOldGen       total 1043968K, used 1043741K [0x0000000080000000, 0x00000000bfb80000, 0x00000000d5580000)
  object space 1043968K, 99% used [0x0000000080000000,0x00000000bfb47430,0x00000000bfb80000)
 Metaspace       used 90064K, committed 91584K, reserved 1179648K
  class space    used 8588K, committed 9280K, reserved 1048576K
}
Event: 241608.289 GC heap before
{Heap before GC invocations=10080 (full 9):
 PSYoungGen      total 10240K, used 10045K [0x00000000d5580000, 0x00000000d6380000, 0x0000000100000000)
  eden space 9728K, 99% used [0x00000000d5580000,0x00000000d5eff5c8,0x00000000d5f00000)
  from space 512K, 62% used [0x00000000d6300000,0x00000000d6350000,0x00000000d6380000)
  to   space 512K, 0% used [0x00000000d6280000,0x00000000d6280000,0x00000000d6300000)
 ParOldGen       total 1043968K, used 1043741K [0x0000000080000000, 0x00000000bfb80000, 0x00000000d5580000)
  object space 1043968K, 99% used [0x0000000080000000,0x00000000bfb47430,0x00000000bfb80000)
 Metaspace       used 90064K, committed 91584K, reserved 1179648K
  class space    used 8588K, committed 9280K, reserved 1048576K
}
Event: 241608.290 GC heap after
{Heap after GC invocations=10080 (full 9):
 PSYoungGen      total 10240K, used 489K [0x00000000d5580000, 0x00000000d6700000, 0x0000000100000000)
  eden space 9728K, 0% used [0x00000000d5580000,0x00000000d5580000,0x00000000d5f00000)
  from space 512K, 95% used [0x00000000d6280000,0x00000000d62fa788,0x00000000d6300000)
  to   space 4096K, 0% used [0x00000000d6300000,0x00000000d6300000,0x00000000d6700000)
 ParOldGen       total 1047040K, used 1046671K [0x0000000080000000, 0x00000000bfe80000, 0x00000000d5580000)
  object space 1047040K, 99% used [0x0000000080000000,0x00000000bfe23e30,0x00000000bfe80000)
 Metaspace       used 90064K, committed 91584K, reserved 1179648K
  class space    used 8588K, committed 9280K, reserved 1048576K
}
Event: 241608.304 GC heap before
{Heap before GC invocations=10081 (full 9):
 PSYoungGen      total 10240K, used 10217K [0x00000000d5580000, 0x00000000d6700000, 0x0000000100000000)
  eden space 9728K, 100% used [0x00000000d5580000,0x00000000d5f00000,0x00000000d5f00000)
  from space 512K, 95% used [0x00000000d6280000,0x00000000d62fa788,0x00000000d6300000)
  to   space 4096K, 0% used [0x00000000d6300000,0x00000000d6300000,0x00000000d6700000)
 ParOldGen       total 1047040K, used 1046671K [0x0000000080000000, 0x00000000bfe80000, 0x00000000d5580000)
  object space 1047040K, 99% used [0x0000000080000000,0x00000000bfe23e30,0x00000000bfe80000)
 Metaspace       used 90065K, committed 91584K, reserved 1179648K
  class space    used 8588K, committed 9280K, reserved 1048576K
}
Event: 241608.306 GC heap after
{Heap after GC invocations=10081 (full 9):
 PSYoungGen      total 10752K, used 672K [0x00000000d5580000, 0x00000000d6400000, 0x0000000100000000)
  eden space 9728K, 0% used [0x00000000d5580000,0x00000000d5580000,0x00000000d5f00000)
  from space 1024K, 65% used [0x00000000d6300000,0x00000000d63a8000,0x00000000d6400000)
  to   space 2048K, 0% used [0x00000000d6000000,0x00000000d6000000,0x00000000d6200000)
 ParOldGen       total 1047040K, used 1046702K [0x0000000080000000, 0x00000000bfe80000, 0x00000000d5580000)
  object space 1047040K, 99% used [0x0000000080000000,0x00000000bfe2b940,0x00000000bfe80000)
 Metaspace       used 90065K, committed 91584K, reserved 1179648K
  class space    used 8588K, committed 9280K, reserved 1048576K
}
Event: 241608.433 GC heap before
{Heap before GC invocations=10082 (full 9):
 PSYoungGen      total 10752K, used 10400K [0x00000000d5580000, 0x00000000d6400000, 0x0000000100000000)
  eden space 9728K, 100% used [0x00000000d5580000,0x00000000d5f00000,0x00000000d5f00000)
  from space 1024K, 65% used [0x00000000d6300000,0x00000000d63a8000,0x00000000d6400000)
  to   space 2048K, 0% used [0x00000000d6000000,0x00000000d6000000,0x00000000d6200000)
 ParOldGen       total 1047040K, used 1046702K [0x0000000080000000, 0x00000000bfe80000, 0x00000000d5580000)
  object space 1047040K, 99% used [0x0000000080000000,0x00000000bfe2b940,0x00000000bfe80000)
 Metaspace       used 90067K, committed 91584K, reserved 1179648K
  class space    used 8588K, committed 9280K, reserved 1048576K
}
Event: 241608.435 GC heap after
{Heap after GC invocations=10082 (full 9):
 PSYoungGen      total 11776K, used 1792K [0x00000000d5580000, 0x00000000d6380000, 0x0000000100000000)
  eden space 9728K, 0% used [0x00000000d5580000,0x00000000d5580000,0x00000000d5f00000)
  from space 2048K, 87% used [0x00000000d6000000,0x00000000d61c0020,0x00000000d6200000)
  to   space 1536K, 0% used [0x00000000d6200000,0x00000000d6200000,0x00000000d6380000)
 ParOldGen       total 1047552K, used 1047233K [0x0000000080000000, 0x00000000bff00000, 0x00000000d5580000)
  object space 1047552K, 99% used [0x0000000080000000,0x00000000bfeb0620,0x00000000bff00000)
 Metaspace       used 90067K, committed 91584K, reserved 1179648K
  class space    used 8588K, committed 9280K, reserved 1048576K
}
Event: 241608.544 GC heap before
{Heap before GC invocations=10083 (full 9):
 PSYoungGen      total 11776K, used 11520K [0x00000000d5580000, 0x00000000d6380000, 0x0000000100000000)
  eden space 9728K, 100% used [0x00000000d5580000,0x00000000d5f00000,0x00000000d5f00000)
  from space 2048K, 87% used [0x00000000d6000000,0x00000000d61c0020,0x00000000d6200000)
  to   space 1536K, 0% used [0x00000000d6200000,0x00000000d6200000,0x00000000d6380000)
 ParOldGen       total 1047552K, used 1047233K [0x0000000080000000, 0x00000000bff00000, 0x00000000d5580000)
  object space 1047552K, 99% used [0x0000000080000000,0x00000000bfeb0620,0x00000000bff00000)
 Metaspace       used 90067K, committed 91584K, reserved 1179648K
  class space    used 8588K, committed 9280K, reserved 1048576K
}
Event: 241608.546 GC heap after
{Heap after GC invocations=10083 (full 9):
 PSYoungGen      total 10752K, used 741K [0x00000000d5580000, 0x00000000d6300000, 0x0000000100000000)
  eden space 9728K, 0% used [0x00000000d5580000,0x00000000d5580000,0x00000000d5f00000)
  from space 1024K, 72% used [0x00000000d6200000,0x00000000d62b96b0,0x00000000d6300000)
  to   space 1536K, 0% used [0x00000000d6000000,0x00000000d6000000,0x00000000d6180000)
 ParOldGen       total 1049088K, used 1048933K [0x0000000080000000, 0x00000000c0080000, 0x00000000d5580000)
  object space 1049088K, 99% used [0x0000000080000000,0x00000000c0059578,0x00000000c0080000)
 Metaspace       used 90067K, committed 91584K, reserved 1179648K
  class space    used 8588K, committed 9280K, reserved 1048576K
}
Event: 241608.723 GC heap before
{Heap before GC invocations=10084 (full 9):
 PSYoungGen      total 10752K, used 10469K [0x00000000d5580000, 0x00000000d6300000, 0x0000000100000000)
  eden space 9728K, 100% used [0x00000000d5580000,0x00000000d5f00000,0x00000000d5f00000)
  from space 1024K, 72% used [0x00000000d6200000,0x00000000d62b96b0,0x00000000d6300000)
  to   space 1536K, 0% used [0x00000000d6000000,0x00000000d6000000,0x00000000d6180000)
 ParOldGen       total 1049088K, used 1048933K [0x0000000080000000, 0x00000000c0080000, 0x00000000d5580000)
  object space 1049088K, 99% used [0x0000000080000000,0x00000000c0059578,0x00000000c0080000)
 Metaspace       used 90067K, committed 91584K, reserved 1179648K
  class space    used 8588K, committed 9280K, reserved 1048576K
}
Event: 241608.724 GC heap after
{Heap after GC invocations=10084 (full 9):
 PSYoungGen      total 11264K, used 896K [0x00000000d5580000, 0x00000000d6280000, 0x0000000100000000)
  eden space 9728K, 0% used [0x00000000d5580000,0x00000000d5580000,0x00000000d5f00000)
  from space 1536K, 58% used [0x00000000d6000000,0x00000000d60e0020,0x00000000d6180000)
  to   space 1024K, 0% used [0x00000000d6180000,0x00000000d6180000,0x00000000d6280000)
 ParOldGen       total 1049088K, used 1049005K [0x0000000080000000, 0x00000000c0080000, 0x00000000d5580000)
  object space 1049088K, 99% used [0x0000000080000000,0x00000000c006b578,0x00000000c0080000)
 Metaspace       used 90067K, committed 91584K, reserved 1179648K
  class space    used 8588K, committed 9280K, reserved 1048576K
}

Dll operation events (12 events):
Event: 0.021 Loaded shared library c:\Users\tonya\.vscode\extensions\redhat.java-1.43.1-win32-x64\jre\21.0.7-win32-x86_64\bin\java.dll
Event: 0.100 Loaded shared library c:\Users\tonya\.vscode\extensions\redhat.java-1.43.1-win32-x64\jre\21.0.7-win32-x86_64\bin\zip.dll
Event: 0.126 Loaded shared library C:\Users\tonya\.vscode\extensions\redhat.java-1.43.1-win32-x64\jre\21.0.7-win32-x86_64\bin\instrument.dll
Event: 0.132 Loaded shared library C:\Users\tonya\.vscode\extensions\redhat.java-1.43.1-win32-x64\jre\21.0.7-win32-x86_64\bin\net.dll
Event: 0.136 Loaded shared library C:\Users\tonya\.vscode\extensions\redhat.java-1.43.1-win32-x64\jre\21.0.7-win32-x86_64\bin\nio.dll
Event: 0.139 Loaded shared library C:\Users\tonya\.vscode\extensions\redhat.java-1.43.1-win32-x64\jre\21.0.7-win32-x86_64\bin\zip.dll
Event: 0.161 Loaded shared library C:\Users\tonya\.vscode\extensions\redhat.java-1.43.1-win32-x64\jre\21.0.7-win32-x86_64\bin\jimage.dll
Event: 0.271 Loaded shared library c:\Users\tonya\.vscode\extensions\redhat.java-1.43.1-win32-x64\jre\21.0.7-win32-x86_64\bin\verify.dll
Event: 1.763 Loaded shared library C:\Users\tonya\AppData\Roaming\Code\User\globalStorage\redhat.java\1.43.1\config_win\org.eclipse.equinox.launcher\org.eclipse.equinox.launcher.win32.win32.x86_64_1.2.1300.v20250331-1702\eclipse_11911.dll
Event: 3.300 Loaded shared library C:\Users\tonya\AppData\Local\Temp\jna-110544795\jna1415424418304419486.dll
Event: 24.260 Loaded shared library C:\Users\tonya\.vscode\extensions\redhat.java-1.43.1-win32-x64\jre\21.0.7-win32-x86_64\bin\sunmscapi.dll
Event: 2712.243 Loaded shared library C:\Users\tonya\.vscode\extensions\redhat.java-1.43.1-win32-x64\jre\21.0.7-win32-x86_64\bin\extnet.dll

Deoptimization events (20 events):
Event: 241556.530 Thread 0x000001ac8f507a20 Uncommon trap: trap_request=0xffffffc6 fr.pc=0x000001ac3b3f9734 relative=0x0000000000000874
Event: 241556.530 Thread 0x000001ac8f507a20 Uncommon trap: reason=bimorphic_or_optimized_type_check action=maybe_recompile pc=0x000001ac3b3f9734 method=org.eclipse.jdt.internal.compiler.lookup.ReferenceBinding.shortReadableName()[C @ 2 c2
Event: 241556.530 Thread 0x000001ac8f507a20 DEOPT PACKING pc=0x000001ac3b3f9734 sp=0x00000049cdffe380
Event: 241556.530 Thread 0x000001ac8f507a20 DEOPT UNPACKING pc=0x000001ac39e03aa2 sp=0x00000049cdffe338 mode 2
Event: 241556.598 Thread 0x000001ac8f50aea0 Uncommon trap: trap_request=0xffffffc6 fr.pc=0x000001ac3b3f9734 relative=0x0000000000000874
Event: 241556.598 Thread 0x000001ac8f50aea0 Uncommon trap: reason=bimorphic_or_optimized_type_check action=maybe_recompile pc=0x000001ac3b3f9734 method=org.eclipse.jdt.internal.compiler.lookup.ReferenceBinding.shortReadableName()[C @ 2 c2
Event: 241556.598 Thread 0x000001ac8f50aea0 DEOPT PACKING pc=0x000001ac3b3f9734 sp=0x00000049cf8fe300
Event: 241556.598 Thread 0x000001ac8f50aea0 DEOPT UNPACKING pc=0x000001ac39e03aa2 sp=0x00000049cf8fe2b8 mode 2
Event: 241558.347 Thread 0x000001ac8f50e320 DEOPT PACKING pc=0x000001ac34f56a93 sp=0x00000049cf7fe890
Event: 241558.347 Thread 0x000001ac8f50e320 DEOPT UNPACKING pc=0x000001ac39e04242 sp=0x00000049cf7fde40 mode 0
Event: 241608.109 Thread 0x000001aca323d0a0 DEOPT PACKING pc=0x000001ac359c01fe sp=0x00000049d10fe420
Event: 241608.109 Thread 0x000001aca323d0a0 DEOPT UNPACKING pc=0x000001ac39e04242 sp=0x00000049d10fd918 mode 0
Event: 241608.297 Thread 0x000001aca323d0a0 DEOPT PACKING pc=0x000001ac35a04e81 sp=0x00000049d10feb30
Event: 241608.297 Thread 0x000001aca323d0a0 DEOPT UNPACKING pc=0x000001ac39e04242 sp=0x00000049d10fdfb8 mode 0
Event: 241608.309 Thread 0x000001ac906201a0 Uncommon trap: trap_request=0xffffff45 fr.pc=0x000001ac3b30e090 relative=0x0000000000000c90
Event: 241608.309 Thread 0x000001ac906201a0 Uncommon trap: reason=unstable_if action=reinterpret pc=0x000001ac3b30e090 method=org.eclipse.jdt.internal.compiler.parser.diagnose.DiagnoseParser.misspell(II)I @ 258 c2
Event: 241608.309 Thread 0x000001ac906201a0 DEOPT PACKING pc=0x000001ac3b30e090 sp=0x00000049d0cfd7a0
Event: 241608.309 Thread 0x000001ac906201a0 DEOPT UNPACKING pc=0x000001ac39e03aa2 sp=0x00000049d0cfd700 mode 2
Event: 241608.383 Thread 0x000001ac8f50aea0 DEOPT PACKING pc=0x000001ac34f56a93 sp=0x00000049cf8ff020
Event: 241608.383 Thread 0x000001ac8f50aea0 DEOPT UNPACKING pc=0x000001ac39e04242 sp=0x00000049cf8fe5d0 mode 0

Classes loaded (20 events):
Event: 2723.571 Loading class sun/security/ssl/Alert$AlertConsumer
Event: 2723.571 Loading class sun/security/ssl/Alert$AlertConsumer done
Event: 2723.571 Loading class sun/security/ssl/Alert$Level
Event: 2723.571 Loading class sun/security/ssl/Alert$Level done
Event: 2724.218 Loading class java/nio/file/FileTreeIterator
Event: 2724.218 Loading class java/nio/file/FileTreeIterator done
Event: 2753.297 Loading class java/nio/channels/CompletionHandler
Event: 2753.298 Loading class java/nio/channels/CompletionHandler done
Event: 2779.781 Loading class jdk/internal/icu/text/NormalizerBase$NFCModeImpl
Event: 2779.781 Loading class jdk/internal/icu/text/NormalizerBase$NFCModeImpl done
Event: 2779.782 Loading class jdk/internal/icu/impl/Norm2AllModes$NFCSingleton
Event: 2779.782 Loading class jdk/internal/icu/impl/Norm2AllModes$NFCSingleton done
Event: 2779.784 Loading class java/nio/StringCharBuffer
Event: 2779.784 Loading class java/nio/StringCharBuffer done
Event: 240632.454 Loading class java/util/DualPivotQuicksort$Sorter
Event: 240632.460 Loading class java/util/DualPivotQuicksort$Sorter done
Event: 241537.249 Loading class java/util/concurrent/ConcurrentHashMap$TreeNode
Event: 241537.255 Loading class java/util/concurrent/ConcurrentHashMap$TreeNode done
Event: 241537.255 Loading class java/util/concurrent/ConcurrentHashMap$TreeBin
Event: 241537.255 Loading class java/util/concurrent/ConcurrentHashMap$TreeBin done

Classes unloaded (20 events):
Event: 240459.230 Thread 0x000001ac2d31ece0 Unloading class 0x000001ac47082400 'java/lang/invoke/LambdaForm$MH+0x000001ac47082400'
Event: 240459.230 Thread 0x000001ac2d31ece0 Unloading class 0x000001ac47081c00 'java/lang/invoke/LambdaForm$MH+0x000001ac47081c00'
Event: 240459.230 Thread 0x000001ac2d31ece0 Unloading class 0x000001ac47081800 'java/lang/invoke/LambdaForm$MH+0x000001ac47081800'
Event: 240459.230 Thread 0x000001ac2d31ece0 Unloading class 0x000001ac47081400 'java/lang/invoke/LambdaForm$MH+0x000001ac47081400'
Event: 240459.230 Thread 0x000001ac2d31ece0 Unloading class 0x000001ac47081000 'java/lang/invoke/LambdaForm$MH+0x000001ac47081000'
Event: 240459.230 Thread 0x000001ac2d31ece0 Unloading class 0x000001ac47080800 'java/lang/invoke/LambdaForm$MH+0x000001ac47080800'
Event: 240459.230 Thread 0x000001ac2d31ece0 Unloading class 0x000001ac47080400 'java/lang/invoke/LambdaForm$MH+0x000001ac47080400'
Event: 240459.230 Thread 0x000001ac2d31ece0 Unloading class 0x000001ac47080000 'java/lang/invoke/LambdaForm$MH+0x000001ac47080000'
Event: 240459.230 Thread 0x000001ac2d31ece0 Unloading class 0x000001ac4701f800 'java/lang/invoke/LambdaForm$MH+0x000001ac4701f800'
Event: 240459.230 Thread 0x000001ac2d31ece0 Unloading class 0x000001ac4701e800 'java/lang/invoke/LambdaForm$MH+0x000001ac4701e800'
Event: 240459.230 Thread 0x000001ac2d31ece0 Unloading class 0x000001ac4701e400 'java/lang/invoke/LambdaForm$MH+0x000001ac4701e400'
Event: 240459.230 Thread 0x000001ac2d31ece0 Unloading class 0x000001ac4701dc00 'java/lang/invoke/LambdaForm$MH+0x000001ac4701dc00'
Event: 240459.230 Thread 0x000001ac2d31ece0 Unloading class 0x000001ac4701d400 'java/lang/invoke/LambdaForm$MH+0x000001ac4701d400'
Event: 240459.230 Thread 0x000001ac2d31ece0 Unloading class 0x000001ac47019400 'java/lang/invoke/LambdaForm$MH+0x000001ac47019400'
Event: 240459.230 Thread 0x000001ac2d31ece0 Unloading class 0x000001ac47018400 'java/lang/invoke/LambdaForm$MH+0x000001ac47018400'
Event: 240459.230 Thread 0x000001ac2d31ece0 Unloading class 0x000001ac47018000 'java/lang/invoke/LambdaForm$MH+0x000001ac47018000'
Event: 240459.230 Thread 0x000001ac2d31ece0 Unloading class 0x000001ac47017400 'java/lang/invoke/LambdaForm$MH+0x000001ac47017400'
Event: 240459.230 Thread 0x000001ac2d31ece0 Unloading class 0x000001ac47016400 'java/lang/invoke/LambdaForm$MH+0x000001ac47016400'
Event: 240459.230 Thread 0x000001ac2d31ece0 Unloading class 0x000001ac47014800 'java/lang/invoke/LambdaForm$MH+0x000001ac47014800'
Event: 240459.230 Thread 0x000001ac2d31ece0 Unloading class 0x000001ac47000400 'java/lang/invoke/LambdaForm$MH+0x000001ac47000400'

Classes redefined (0 events):
No events

Internal exceptions (20 events):
Event: 241608.137 Thread 0x000001aca323d0a0 Exception <a 'java/lang/ClassNotFoundException'{0x00000000d5718010}: sun/net/www/protocol/jdt/Handler> (0x00000000d5718010) 
thrown [s\src\hotspot\share\classfile\systemDictionary.cpp, line 312]
Event: 241608.137 Thread 0x000001aca323d0a0 Exception <a 'java/lang/ClassNotFoundException'{0x00000000d571a2b0}: sun/net/www/protocol/jdt/Handler> (0x00000000d571a2b0) 
thrown [s\src\hotspot\share\classfile\systemDictionary.cpp, line 312]
Event: 241608.137 Thread 0x000001aca323d0a0 Exception <a 'java/lang/ClassNotFoundException'{0x00000000d571c528}: sun/net/www/protocol/jdt/Handler> (0x00000000d571c528) 
thrown [s\src\hotspot\share\classfile\systemDictionary.cpp, line 312]
Event: 241608.137 Thread 0x000001aca323d0a0 Exception <a 'java/lang/ClassNotFoundException'{0x00000000d571e7d8}: sun/net/www/protocol/jdt/Handler> (0x00000000d571e7d8) 
thrown [s\src\hotspot\share\classfile\systemDictionary.cpp, line 312]
Event: 241608.137 Thread 0x000001aca323d0a0 Exception <a 'java/lang/ClassNotFoundException'{0x00000000d5720a50}: sun/net/www/protocol/jdt/Handler> (0x00000000d5720a50) 
thrown [s\src\hotspot\share\classfile\systemDictionary.cpp, line 312]
Event: 241608.137 Thread 0x000001aca323d0a0 Exception <a 'java/lang/ClassNotFoundException'{0x00000000d5722cc8}: sun/net/www/protocol/jdt/Handler> (0x00000000d5722cc8) 
thrown [s\src\hotspot\share\classfile\systemDictionary.cpp, line 312]
Event: 241608.137 Thread 0x000001aca323d0a0 Exception <a 'java/lang/ClassNotFoundException'{0x00000000d5724f88}: sun/net/www/protocol/jdt/Handler> (0x00000000d5724f88) 
thrown [s\src\hotspot\share\classfile\systemDictionary.cpp, line 312]
Event: 241608.137 Thread 0x000001aca323d0a0 Exception <a 'java/lang/ClassNotFoundException'{0x00000000d5727200}: sun/net/www/protocol/jdt/Handler> (0x00000000d5727200) 
thrown [s\src\hotspot\share\classfile\systemDictionary.cpp, line 312]
Event: 241608.297 Thread 0x000001aca323d0a0 Exception <a 'java/lang/ClassNotFoundException'{0x00000000d5b550c0}: sun/net/www/protocol/jdt/Handler> (0x00000000d5b550c0) 
thrown [s\src\hotspot\share\classfile\systemDictionary.cpp, line 312]
Event: 241608.297 Thread 0x000001aca323d0a0 Exception <a 'java/lang/ClassNotFoundException'{0x00000000d5b57338}: sun/net/www/protocol/jdt/Handler> (0x00000000d5b57338) 
thrown [s\src\hotspot\share\classfile\systemDictionary.cpp, line 312]
Event: 241608.297 Thread 0x000001aca323d0a0 Exception <a 'java/lang/ClassNotFoundException'{0x00000000d5b595b0}: sun/net/www/protocol/jdt/Handler> (0x00000000d5b595b0) 
thrown [s\src\hotspot\share\classfile\systemDictionary.cpp, line 312]
Event: 241608.297 Thread 0x000001aca323d0a0 Exception <a 'java/lang/ClassNotFoundException'{0x00000000d5b5b850}: sun/net/www/protocol/jdt/Handler> (0x00000000d5b5b850) 
thrown [s\src\hotspot\share\classfile\systemDictionary.cpp, line 312]
Event: 241608.297 Thread 0x000001aca323d0a0 Exception <a 'java/lang/ClassNotFoundException'{0x00000000d5b5dac8}: sun/net/www/protocol/jdt/Handler> (0x00000000d5b5dac8) 
thrown [s\src\hotspot\share\classfile\systemDictionary.cpp, line 312]
Event: 241608.297 Thread 0x000001aca323d0a0 Exception <a 'java/lang/ClassNotFoundException'{0x00000000d5b5fd78}: sun/net/www/protocol/jdt/Handler> (0x00000000d5b5fd78) 
thrown [s\src\hotspot\share\classfile\systemDictionary.cpp, line 312]
Event: 241608.297 Thread 0x000001aca323d0a0 Exception <a 'java/lang/ClassNotFoundException'{0x00000000d5b61ff0}: sun/net/www/protocol/jdt/Handler> (0x00000000d5b61ff0) 
thrown [s\src\hotspot\share\classfile\systemDictionary.cpp, line 312]
Event: 241608.297 Thread 0x000001aca323d0a0 Exception <a 'java/lang/ClassNotFoundException'{0x00000000d5b64268}: sun/net/www/protocol/jdt/Handler> (0x00000000d5b64268) 
thrown [s\src\hotspot\share\classfile\systemDictionary.cpp, line 312]
Event: 241608.297 Thread 0x000001aca323d0a0 Exception <a 'java/lang/ClassNotFoundException'{0x00000000d5b667c8}: sun/net/www/protocol/jdt/Handler> (0x00000000d5b667c8) 
thrown [s\src\hotspot\share\classfile\systemDictionary.cpp, line 312]
Event: 241608.297 Thread 0x000001aca323d0a0 Exception <a 'java/lang/ClassNotFoundException'{0x00000000d5b68a40}: sun/net/www/protocol/jdt/Handler> (0x00000000d5b68a40) 
thrown [s\src\hotspot\share\classfile\systemDictionary.cpp, line 312]
Event: 241608.326 Thread 0x000001aca323d0a0 Exception <a 'java/lang/ClassNotFoundException'{0x00000000d5de5e70}: sun/net/www/protocol/jdt/Handler> (0x00000000d5de5e70) 
thrown [s\src\hotspot\share\classfile\systemDictionary.cpp, line 312]
Event: 241608.326 Thread 0x000001aca323d0a0 Exception <a 'java/lang/ClassNotFoundException'{0x00000000d5de7d60}: sun/net/www/protocol/jdt/Handler> (0x00000000d5de7d60) 
thrown [s\src\hotspot\share\classfile\systemDictionary.cpp, line 312]

ZGC Phase Switch (0 events):
No events

VM Operations (20 events):
Event: 241608.233 Executing VM operation: ParallelGCFailedAllocation (Allocation Failure)
Event: 241608.235 Executing VM operation: ParallelGCFailedAllocation (Allocation Failure) done
Event: 241608.244 Executing VM operation: ParallelGCFailedAllocation (Allocation Failure)
Event: 241608.246 Executing VM operation: ParallelGCFailedAllocation (Allocation Failure) done
Event: 241608.255 Executing VM operation: ParallelGCFailedAllocation (Allocation Failure)
Event: 241608.257 Executing VM operation: ParallelGCFailedAllocation (Allocation Failure) done
Event: 241608.268 Executing VM operation: ParallelGCFailedAllocation (Allocation Failure)
Event: 241608.269 Executing VM operation: ParallelGCFailedAllocation (Allocation Failure) done
Event: 241608.279 Executing VM operation: ParallelGCFailedAllocation (Allocation Failure)
Event: 241608.280 Executing VM operation: ParallelGCFailedAllocation (Allocation Failure) done
Event: 241608.289 Executing VM operation: ParallelGCFailedAllocation (Allocation Failure)
Event: 241608.290 Executing VM operation: ParallelGCFailedAllocation (Allocation Failure) done
Event: 241608.304 Executing VM operation: ParallelGCFailedAllocation (Allocation Failure)
Event: 241608.306 Executing VM operation: ParallelGCFailedAllocation (Allocation Failure) done
Event: 241608.433 Executing VM operation: ParallelGCFailedAllocation (Allocation Failure)
Event: 241608.435 Executing VM operation: ParallelGCFailedAllocation (Allocation Failure) done
Event: 241608.544 Executing VM operation: ParallelGCFailedAllocation (Allocation Failure)
Event: 241608.546 Executing VM operation: ParallelGCFailedAllocation (Allocation Failure) done
Event: 241608.723 Executing VM operation: ParallelGCFailedAllocation (Allocation Failure)
Event: 241608.724 Executing VM operation: ParallelGCFailedAllocation (Allocation Failure) done

Memory protections (0 events):
No events

Nmethod flushes (20 events):
Event: 241387.680 Thread 0x000001ac2d31ece0 flushing  nmethod 0x000001ac35ae2690
Event: 241387.680 Thread 0x000001ac2d31ece0 flushing  nmethod 0x000001ac35aeee90
Event: 241387.680 Thread 0x000001ac2d31ece0 flushing  nmethod 0x000001ac35afe810
Event: 241387.680 Thread 0x000001ac2d31ece0 flushing  nmethod 0x000001ac35b06990
Event: 241387.680 Thread 0x000001ac2d31ece0 flushing  nmethod 0x000001ac35b2f790
Event: 241387.680 Thread 0x000001ac2d31ece0 flushing  nmethod 0x000001ac35b31210
Event: 241387.680 Thread 0x000001ac2d31ece0 flushing  nmethod 0x000001ac35b32910
Event: 241387.680 Thread 0x000001ac2d31ece0 flushing  nmethod 0x000001ac35b32d10
Event: 241387.680 Thread 0x000001ac2d31ece0 flushing  nmethod 0x000001ac35b47190
Event: 241387.680 Thread 0x000001ac2d31ece0 flushing  nmethod 0x000001ac35b47590
Event: 241387.680 Thread 0x000001ac2d31ece0 flushing  nmethod 0x000001ac35b62310
Event: 241387.680 Thread 0x000001ac2d31ece0 flushing  nmethod 0x000001ac35b63190
Event: 241387.680 Thread 0x000001ac2d31ece0 flushing  nmethod 0x000001ac35b69b10
Event: 241387.680 Thread 0x000001ac2d31ece0 flushing  nmethod 0x000001ac35b6a690
Event: 241387.680 Thread 0x000001ac2d31ece0 flushing  nmethod 0x000001ac35b73490
Event: 241387.680 Thread 0x000001ac2d31ece0 flushing  nmethod 0x000001ac35b76190
Event: 241387.680 Thread 0x000001ac2d31ece0 flushing  nmethod 0x000001ac35b83590
Event: 241387.680 Thread 0x000001ac2d31ece0 flushing  nmethod 0x000001ac35b8d610
Event: 241387.680 Thread 0x000001ac2d31ece0 flushing  nmethod 0x000001ac35b94610
Event: 241387.680 Thread 0x000001ac2d31ece0 flushing  nmethod 0x000001ac35b9b410

Events (20 events):
Event: 241400.235 Thread 0x000001ac8f508dd0 Thread added: 0x000001aca3239c20
Event: 241400.247 Thread 0x000001ac8f508dd0 Thread added: 0x000001aca32367a0
Event: 241400.557 Thread 0x000001ac90998570 Thread exited: 0x000001ac90998570
Event: 241403.474 Thread 0x000001aca323bcf0 Thread added: 0x000001aca323c380
Event: 241404.960 Thread 0x000001ac8f508dd0 Thread added: 0x000001aca323a940
Event: 241404.975 Thread 0x000001aca323bcf0 Thread added: 0x000001aca323ca10
Event: 241456.267 Thread 0x000001ac906201a0 Thread added: 0x000001aca323d0a0
Event: 241464.702 Thread 0x000001ac8f95dec0 Thread exited: 0x000001ac8f95dec0
Event: 241464.977 Thread 0x000001aca32367a0 Thread exited: 0x000001aca32367a0
Event: 241476.398 Thread 0x000001ac8d04a200 Thread added: 0x000001ac9099bbf0
Event: 241476.526 Thread 0x000001ac9099bbf0 Thread exited: 0x000001ac9099bbf0
Event: 241505.059 Thread 0x000001aca323bcf0 Thread added: 0x000001ac8f959d20
Event: 241505.061 Thread 0x000001aca323bcf0 Thread added: 0x000001ac8f95a3b0
Event: 241551.213 Thread 0x000001ac8d04a200 Thread added: 0x000001ac9099bbf0
Event: 241551.646 Thread 0x000001ac9099bbf0 Thread exited: 0x000001ac9099bbf0
Event: 241565.082 Thread 0x000001ac8f95a3b0 Thread exited: 0x000001ac8f95a3b0
Event: 241606.811 Thread 0x000001ac8d0105d0 Thread added: 0x000001ac90998c40
Event: 241606.811 Thread 0x000001ac8d0105d0 Thread added: 0x000001ac909999e0
Event: 241607.056 Thread 0x000001ac909999e0 Thread exited: 0x000001ac909999e0
Event: 241607.608 Thread 0x000001ac90998c40 Thread exited: 0x000001ac90998c40


Dynamic libraries:
0x00007ff7832a0000 - 0x00007ff7832ae000 	c:\Users\tonya\.vscode\extensions\redhat.java-1.43.1-win32-x64\jre\21.0.7-win32-x86_64\bin\java.exe
0x00007ffb6e100000 - 0x00007ffb6e368000 	C:\WINDOWS\SYSTEM32\ntdll.dll
0x00007ffb6c4b0000 - 0x00007ffb6c579000 	C:\WINDOWS\System32\KERNEL32.DLL
0x00007ffb6b5d0000 - 0x00007ffb6b9bd000 	C:\WINDOWS\System32\KERNELBASE.dll
0x00007ffb6bb40000 - 0x00007ffb6bc8b000 	C:\WINDOWS\System32\ucrtbase.dll
0x00007ffb1d6c0000 - 0x00007ffb1d6de000 	c:\Users\tonya\.vscode\extensions\redhat.java-1.43.1-win32-x64\jre\21.0.7-win32-x86_64\bin\VCRUNTIME140.dll
0x00007ffb1c5d0000 - 0x00007ffb1c5e8000 	c:\Users\tonya\.vscode\extensions\redhat.java-1.43.1-win32-x64\jre\21.0.7-win32-x86_64\bin\jli.dll
0x00007ffb6d180000 - 0x00007ffb6d34c000 	C:\WINDOWS\System32\USER32.dll
0x00007ffb6bc90000 - 0x00007ffb6bcb7000 	C:\WINDOWS\System32\win32u.dll
0x00007ffb40de0000 - 0x00007ffb4107a000 	C:\WINDOWS\WinSxS\amd64_microsoft.windows.common-controls_6595b64144ccf1df_6.0.26100.4484_none_3e0e6d4ce32ef3b3\COMCTL32.dll
0x00007ffb6c990000 - 0x00007ffb6c9bb000 	C:\WINDOWS\System32\GDI32.dll
0x00007ffb6bd60000 - 0x00007ffb6be97000 	C:\WINDOWS\System32\gdi32full.dll
0x00007ffb6d730000 - 0x00007ffb6d7d9000 	C:\WINDOWS\System32\msvcrt.dll
0x00007ffb6b2e0000 - 0x00007ffb6b383000 	C:\WINDOWS\System32\msvcp_win.dll
0x00007ffb6cfd0000 - 0x00007ffb6cfff000 	C:\WINDOWS\System32\IMM32.DLL
0x00007ffb30060000 - 0x00007ffb3006c000 	c:\Users\tonya\.vscode\extensions\redhat.java-1.43.1-win32-x64\jre\21.0.7-win32-x86_64\bin\vcruntime140_1.dll
0x00007ffb1a050000 - 0x00007ffb1a0dd000 	c:\Users\tonya\.vscode\extensions\redhat.java-1.43.1-win32-x64\jre\21.0.7-win32-x86_64\bin\msvcp140.dll
0x00007ffb192c0000 - 0x00007ffb1a050000 	c:\Users\tonya\.vscode\extensions\redhat.java-1.43.1-win32-x64\jre\21.0.7-win32-x86_64\bin\server\jvm.dll
0x00007ffb6d4c0000 - 0x00007ffb6d574000 	C:\WINDOWS\System32\ADVAPI32.dll
0x00007ffb6d0d0000 - 0x00007ffb6d176000 	C:\WINDOWS\System32\sechost.dll
0x00007ffb6d5e0000 - 0x00007ffb6d6f8000 	C:\WINDOWS\System32\RPCRT4.dll
0x00007ffb6c910000 - 0x00007ffb6c984000 	C:\WINDOWS\System32\WS2_32.dll
0x00007ffb5b940000 - 0x00007ffb5b975000 	C:\WINDOWS\SYSTEM32\WINMM.dll
0x00007ffb6b0a0000 - 0x00007ffb6b0fe000 	C:\WINDOWS\SYSTEM32\POWRPROF.dll
0x00007ffb5cf80000 - 0x00007ffb5cf8b000 	C:\WINDOWS\SYSTEM32\VERSION.dll
0x00007ffb6b080000 - 0x00007ffb6b094000 	C:\WINDOWS\SYSTEM32\UMPDC.dll
0x00007ffb69ff0000 - 0x00007ffb6a00b000 	C:\WINDOWS\SYSTEM32\kernel.appcore.dll
0x00007ffb2ff90000 - 0x00007ffb2ff9a000 	c:\Users\tonya\.vscode\extensions\redhat.java-1.43.1-win32-x64\jre\21.0.7-win32-x86_64\bin\jimage.dll
0x00007ffb68b00000 - 0x00007ffb68d41000 	C:\WINDOWS\SYSTEM32\DBGHELP.DLL
0x00007ffb6c580000 - 0x00007ffb6c906000 	C:\WINDOWS\System32\combase.dll
0x00007ffb6c3c0000 - 0x00007ffb6c4a0000 	C:\WINDOWS\System32\OLEAUT32.dll
0x00007ffb49c60000 - 0x00007ffb49ca3000 	C:\WINDOWS\SYSTEM32\dbgcore.DLL
0x00007ffb6bcc0000 - 0x00007ffb6bd59000 	C:\WINDOWS\System32\bcryptPrimitives.dll
0x00007ffb2fa20000 - 0x00007ffb2fa2f000 	c:\Users\tonya\.vscode\extensions\redhat.java-1.43.1-win32-x64\jre\21.0.7-win32-x86_64\bin\instrument.dll
0x00007ffb192a0000 - 0x00007ffb192bf000 	c:\Users\tonya\.vscode\extensions\redhat.java-1.43.1-win32-x64\jre\21.0.7-win32-x86_64\bin\java.dll
0x00007ffb6d970000 - 0x00007ffb6e0ba000 	C:\WINDOWS\System32\SHELL32.dll
0x00007ffb6b390000 - 0x00007ffb6b504000 	C:\WINDOWS\System32\wintypes.dll
0x00007ffb68e60000 - 0x00007ffb696bb000 	C:\WINDOWS\SYSTEM32\windows.storage.dll
0x00007ffb6cc20000 - 0x00007ffb6cd15000 	C:\WINDOWS\System32\SHCORE.dll
0x00007ffb6c9c0000 - 0x00007ffb6ca2a000 	C:\WINDOWS\System32\shlwapi.dll
0x00007ffb6b160000 - 0x00007ffb6b18f000 	C:\WINDOWS\SYSTEM32\profapi.dll
0x00007ffb19280000 - 0x00007ffb19298000 	c:\Users\tonya\.vscode\extensions\redhat.java-1.43.1-win32-x64\jre\21.0.7-win32-x86_64\bin\zip.dll
0x00007ffb2fd70000 - 0x00007ffb2fd80000 	C:\Users\tonya\.vscode\extensions\redhat.java-1.43.1-win32-x64\jre\21.0.7-win32-x86_64\bin\net.dll
0x00007ffb60df0000 - 0x00007ffb60f0e000 	C:\WINDOWS\SYSTEM32\WINHTTP.dll
0x00007ffb6a580000 - 0x00007ffb6a5ea000 	C:\WINDOWS\system32\mswsock.dll
0x00007ffb2fc70000 - 0x00007ffb2fc86000 	C:\Users\tonya\.vscode\extensions\redhat.java-1.43.1-win32-x64\jre\21.0.7-win32-x86_64\bin\nio.dll
0x00007ffb2fd60000 - 0x00007ffb2fd70000 	c:\Users\tonya\.vscode\extensions\redhat.java-1.43.1-win32-x64\jre\21.0.7-win32-x86_64\bin\verify.dll
0x00007ffb190e0000 - 0x00007ffb19125000 	C:\Users\tonya\AppData\Roaming\Code\User\globalStorage\redhat.java\1.43.1\config_win\org.eclipse.equinox.launcher\org.eclipse.equinox.launcher.win32.win32.x86_64_1.2.1300.v20250331-1702\eclipse_11911.dll
0x00007ffb6ce20000 - 0x00007ffb6cfbe000 	C:\WINDOWS\System32\ole32.dll
0x00007ffb6a840000 - 0x00007ffb6a85b000 	C:\WINDOWS\SYSTEM32\CRYPTSP.dll
0x00007ffb69f50000 - 0x00007ffb69f8b000 	C:\WINDOWS\system32\rsaenh.dll
0x00007ffb6a620000 - 0x00007ffb6a64b000 	C:\WINDOWS\SYSTEM32\USERENV.dll
0x00007ffb6b130000 - 0x00007ffb6b156000 	C:\WINDOWS\SYSTEM32\bcrypt.dll
0x00007ffb6a830000 - 0x00007ffb6a83c000 	C:\WINDOWS\SYSTEM32\CRYPTBASE.dll
0x00007ffb69a80000 - 0x00007ffb69ab3000 	C:\WINDOWS\SYSTEM32\IPHLPAPI.DLL
0x00007ffb6d860000 - 0x00007ffb6d86a000 	C:\WINDOWS\System32\NSI.dll
0x00007ffb3a2b0000 - 0x00007ffb3a2f9000 	C:\Users\tonya\AppData\Local\Temp\jna-110544795\jna1415424418304419486.dll
0x00007ffb6ca30000 - 0x00007ffb6ca38000 	C:\WINDOWS\System32\PSAPI.DLL
0x00007ffb62390000 - 0x00007ffb623af000 	C:\WINDOWS\SYSTEM32\dhcpcsvc6.DLL
0x00007ffb62360000 - 0x00007ffb62385000 	C:\WINDOWS\SYSTEM32\dhcpcsvc.DLL
0x00007ffb487b0000 - 0x00007ffb487be000 	C:\Users\tonya\.vscode\extensions\redhat.java-1.43.1-win32-x64\jre\21.0.7-win32-x86_64\bin\sunmscapi.dll
0x00007ffb6b9c0000 - 0x00007ffb6bb37000 	C:\WINDOWS\System32\CRYPT32.dll
0x00007ffb6aa50000 - 0x00007ffb6aa80000 	C:\WINDOWS\SYSTEM32\ncrypt.dll
0x00007ffb6aa00000 - 0x00007ffb6aa3f000 	C:\WINDOWS\SYSTEM32\NTASN1.dll
0x00007ffb69b50000 - 0x00007ffb69c76000 	C:\WINDOWS\SYSTEM32\DNSAPI.dll
0x00007ffb607a0000 - 0x00007ffb607ab000 	C:\Windows\System32\rasadhlp.dll
0x00007ffb628a0000 - 0x00007ffb62926000 	C:\WINDOWS\System32\fwpuclnt.dll
0x00007ffb638e0000 - 0x00007ffb638e9000 	C:\Users\tonya\.vscode\extensions\redhat.java-1.43.1-win32-x64\jre\21.0.7-win32-x86_64\bin\extnet.dll

dbghelp: loaded successfully - version: 4.0.5 - missing functions: none
symbol engine: initialized successfully - sym options: 0x614 - pdb path: .;c:\Users\tonya\.vscode\extensions\redhat.java-1.43.1-win32-x64\jre\21.0.7-win32-x86_64\bin;C:\WINDOWS\SYSTEM32;C:\WINDOWS\WinSxS\amd64_microsoft.windows.common-controls_6595b64144ccf1df_6.0.26100.4484_none_3e0e6d4ce32ef3b3;c:\Users\tonya\.vscode\extensions\redhat.java-1.43.1-win32-x64\jre\21.0.7-win32-x86_64\bin\server;C:\Users\tonya\AppData\Roaming\Code\User\globalStorage\redhat.java\1.43.1\config_win\org.eclipse.equinox.launcher\org.eclipse.equinox.launcher.win32.win32.x86_64_1.2.1300.v20250331-1702;C:\Users\tonya\AppData\Local\Temp\jna-110544795

VM Arguments:
jvm_args: --add-modules=ALL-SYSTEM --add-opens=java.base/java.util=ALL-UNNAMED --add-opens=java.base/java.lang=ALL-UNNAMED --add-opens=java.base/sun.nio.fs=ALL-UNNAMED -Declipse.application=org.eclipse.jdt.ls.core.id1 -Dosgi.bundles.defaultStartLevel=4 -Declipse.product=org.eclipse.jdt.ls.core.product -Djava.import.generatesMetadataFilesAtProjectRoot=false -DDetectVMInstallationsJob.disabled=true -Dfile.encoding=utf8 -XX:+UseParallelGC -XX:GCTimeRatio=4 -XX:AdaptiveSizePolicyWeight=90 -Dsun.zip.disableMemoryMapping=true -Xmx2G -Xms100m -Xlog:disable -javaagent:c:\Users\tonya\.vscode\extensions\redhat.java-1.43.1-win32-x64\lombok\lombok-1.18.39-4050.jar -XX:+HeapDumpOnOutOfMemoryError -XX:HeapDumpPath=c:\Users\tonya\AppData\Roaming\Code\User\workspaceStorage\145557081d3e08829549f0ad89d97ea6\redhat.java -Daether.dependencyCollector.impl=bf 
java_command: c:\Users\tonya\.vscode\extensions\redhat.java-1.43.1-win32-x64\server\plugins\org.eclipse.equinox.launcher_1.7.0.v20250519-0528.jar -configuration c:\Users\tonya\AppData\Roaming\Code\User\globalStorage\redhat.java\1.43.1\config_win -data c:\Users\tonya\AppData\Roaming\Code\User\workspaceStorage\145557081d3e08829549f0ad89d97ea6\redhat.java\jdt_ws --pipe=\\.\pipe\lsp-0e1d0f63d7226fdff4f7bf398cebc2d9-sock
java_class_path (initial): c:\Users\tonya\.vscode\extensions\redhat.java-1.43.1-win32-x64\server\plugins\org.eclipse.equinox.launcher_1.7.0.v20250519-0528.jar
Launcher Type: SUN_STANDARD

[Global flags]
    uintx AdaptiveSizePolicyWeight                 = 90                                        {product} {command line}
     intx CICompilerCount                          = 4                                         {product} {ergonomic}
    uintx GCTimeRatio                              = 4                                         {product} {command line}
     bool HeapDumpOnOutOfMemoryError               = true                                   {manageable} {command line}
    ccstr HeapDumpPath                             = c:\Users\tonya\AppData\Roaming\Code\User\workspaceStorage\145557081d3e08829549f0ad89d97ea6\redhat.java         {manageable} {command line}
   size_t InitialHeapSize                          = 104857600                                 {product} {command line}
   size_t MaxHeapSize                              = 2147483648                                {product} {command line}
   size_t MaxNewSize                               = 715653120                                 {product} {ergonomic}
   size_t MinHeapDeltaBytes                        = 524288                                    {product} {ergonomic}
   size_t MinHeapSize                              = 104857600                                 {product} {command line}
   size_t NewSize                                  = 34603008                                  {product} {ergonomic}
    uintx NonNMethodCodeHeapSize                   = 5839372                                {pd product} {ergonomic}
    uintx NonProfiledCodeHeapSize                  = 122909434                              {pd product} {ergonomic}
   size_t OldSize                                  = 70254592                                  {product} {ergonomic}
    uintx ProfiledCodeHeapSize                     = 122909434                              {pd product} {ergonomic}
    uintx ReservedCodeCacheSize                    = 251658240                              {pd product} {ergonomic}
     bool SegmentedCodeCache                       = true                                      {product} {ergonomic}
   size_t SoftMaxHeapSize                          = 2147483648                             {manageable} {ergonomic}
     bool UseCompressedOops                        = true                           {product lp64_product} {ergonomic}
     bool UseLargePagesIndividualAllocation        = false                                  {pd product} {ergonomic}
     bool UseParallelGC                            = true                                      {product} {command line}

Logging:
Log output configuration:
 #0: stdout all=off uptime,level,tags foldmultilines=false
 #1: stderr all=off uptime,level,tags foldmultilines=false

Environment Variables:
JAVA_HOME=C:\Program Files\Eclipse Adoptium\jdk-17.0.15.6-hotspot\
PATH=C:\Program Files\Common Files\Oracle\Java\javapath;C:\Program Files\Eclipse Adoptium\jdk-17.0.15.6-hotspot\bin;C:\WINDOWS\system32;C:\WINDOWS;C:\WINDOWS\System32\Wbem;C:\WINDOWS\System32\WindowsPowerShell\v1.0\;C:\WINDOWS\System32\OpenSSH\;C:\Program Files\dotnet\;C:\Program Files\Git\cmd;C:\Users\tonya\AppData\Local\Muse Hub\lib;C:\Users\tonya\AppData\Local\Microsoft\WindowsApps;C:\Users\tonya\AppData\Local\Muse Hub\lib;C:\Users\tonya\AppData\Local\Programs\Microsoft VS Code\bin;C:\Users\tonya\AppData\Local\GitHubDesktop\bin;
USERNAME=tonya
OS=Windows_NT
PROCESSOR_IDENTIFIER=Intel64 Family 6 Model 186 Stepping 3, GenuineIntel
TMP=C:\Users\tonya\AppData\Local\Temp
TEMP=C:\Users\tonya\AppData\Local\Temp




Periodic native trim disabled

---------------  S Y S T E M  ---------------

OS:
 Windows 11 , 64 bit Build 26100 (10.0.26100.4484)
OS uptime: 2 days 19:08 hours
Hyper-V role detected

CPU: total 12 (initial active 12) (6 cores per cpu, 2 threads per core) family 6 model 186 stepping 3 microcode 0x4121, cx8, cmov, fxsr, ht, mmx, 3dnowpref, sse, sse2, sse3, ssse3, sse4.1, sse4.2, popcnt, lzcnt, tsc, tscinvbit, avx, avx2, aes, erms, clmul, bmi1, bmi2, adx, sha, fma, vzeroupper, clflush, clflushopt, clwb, hv, serialize, rdtscp, rdpid, fsrm, f16c, cet_ibt, cet_ss
Processor Information for processor 0
  Max Mhz: 1800, Current Mhz: 1800, Mhz Limit: 1800
Processor Information for processor 1
  Max Mhz: 1800, Current Mhz: 1800, Mhz Limit: 1800
Processor Information for processor 2
  Max Mhz: 1800, Current Mhz: 1800, Mhz Limit: 1800
Processor Information for processor 3
  Max Mhz: 1800, Current Mhz: 1800, Mhz Limit: 1800
Processor Information for processor 4
  Max Mhz: 1800, Current Mhz: 1800, Mhz Limit: 1800
Processor Information for processor 5
  Max Mhz: 1800, Current Mhz: 1800, Mhz Limit: 1800
Processor Information for processor 6
  Max Mhz: 1800, Current Mhz: 1500, Mhz Limit: 1800
Processor Information for processor 7
  Max Mhz: 1800, Current Mhz: 1800, Mhz Limit: 1800
Processor Information for processor 8
  Max Mhz: 1800, Current Mhz: 1800, Mhz Limit: 1800
Processor Information for processor 9
  Max Mhz: 1800, Current Mhz: 1800, Mhz Limit: 1800
Processor Information for processor 10
  Max Mhz: 1800, Current Mhz: 1800, Mhz Limit: 1800
Processor Information for processor 11
  Max Mhz: 1800, Current Mhz: 1500, Mhz Limit: 1800

Memory: 4k page, system-wide physical 16063M (4953M free)
TotalPageFile size 36543M (AvailPageFile size 21886M)
current process WorkingSet (physical memory assigned to process): 1596M, peak: 1924M
current process commit charge ("private bytes"): 1439M, peak: 1793M

vm_info: OpenJDK 64-Bit Server VM (21.0.7+6-LTS) for windows-amd64 JRE (21.0.7+6-LTS), built on 2025-04-15T00:00:00Z by "admin" with MS VC++ 17.7 (VS2022)

END.
